<http://www.silvercoders.com/>hyperlink test

11  12  13  14
21  22  23  24
31  32  33  34
41  42  43  44

table test

mail example



first	12	13	14	15
21	second	23	24	25
31	32	third	34	35
41	42	43	fourth	45
51	52	53	54	fiveth




Testing 75 dpi image.
It should be scaled up.

